../../Drivers/STM32N6xx_HAL_Driver/Inc/stm32n6xx_ll_bus.h:679:22:LL_MEM_EnableClock	24	static
../../Drivers/STM32N6xx_HAL_Driver/Inc/stm32n6xx_ll_bus.h:1165:22:LL_AHB3_GRP1_EnableClock	24	static
../../Drivers/STM32N6xx_HAL_Driver/Inc/stm32n6xx_ll_bus.h:1407:22:LL_AHB4_GRP1_EnableClock	24	static
../../Drivers/STM32N6xx_HAL_Driver/Inc/stm32n6xx_ll_bus.h:3639:22:LL_APB5_GRP1_EnableClock	24	static
../../Drivers/STM32N6xx_HAL_Driver/Inc/stm32n6xx_ll_bus.h:3683:22:LL_APB5_GRP1_DisableClock	16	static
../../Drivers/STM32N6xx_HAL_Driver/Inc/stm32n6xx_ll_bus.h:3703:22:LL_APB5_GRP1_ForceReset	16	static
../../Drivers/STM32N6xx_HAL_Driver/Inc/stm32n6xx_ll_bus.h:3723:22:LL_APB5_GRP1_ReleaseReset	16	static
../../Drivers/STM32N6xx_HAL_Driver/Inc/stm32n6xx_ll_bus.h:3787:22:LL_APB5_GRP1_DisableClockLowPower	16	static
../Components/STM32N6570-DK/stm32n6570_discovery_camera.c:199:9:BSP_CAMERA_Init	96	static
../Components/STM32N6570-DK/stm32n6570_discovery_camera.c:349:9:BSP_CAMERA_DeInit	24	static
../Components/STM32N6570-DK/stm32n6570_discovery_camera.c:411:26:MX_DCMIPP_Init	80	static
../Components/STM32N6570-DK/stm32n6570_discovery_camera.c:557:26:MX_DCMIPP_ClockConfig	416	static
../Components/STM32N6570-DK/stm32n6570_discovery_camera.c:596:9:BSP_CAMERA_Start	40	static
../Components/STM32N6570-DK/stm32n6570_discovery_camera.c:628:9:BSP_CAMERA_FullPlanarStart	40	static
../Components/STM32N6570-DK/stm32n6570_discovery_camera.c:660:9:BSP_CAMERA_SemiPlanarStart	40	static
../Components/STM32N6570-DK/stm32n6570_discovery_camera.c:693:9:BSP_CAMERA_DoubleBufferStart	40	static
../Components/STM32N6570-DK/stm32n6570_discovery_camera.c:726:9:BSP_CAMERA_FullPlanarDoubleBufferStart	40	static
../Components/STM32N6570-DK/stm32n6570_discovery_camera.c:759:9:BSP_CAMERA_SemiPlanarDoubleBufferStart	40	static
../Components/STM32N6570-DK/stm32n6570_discovery_camera.c:789:9:BSP_CAMERA_Suspend	24	static
../Components/STM32N6570-DK/stm32n6570_discovery_camera.c:815:9:BSP_CAMERA_Resume	24	static
../Components/STM32N6570-DK/stm32n6570_discovery_camera.c:841:9:BSP_CAMERA_Stop	24	static
../Components/STM32N6570-DK/stm32n6570_discovery_camera.c:870:9:BSP_CAMERA_GetCapabilities	24	static
../Components/STM32N6570-DK/stm32n6570_discovery_camera.c:897:9:BSP_CAMERA_SetPixelFormat	24	static
../Components/STM32N6570-DK/stm32n6570_discovery_camera.c:925:9:BSP_CAMERA_GetPixelFormat	24	static
../Components/STM32N6570-DK/stm32n6570_discovery_camera.c:950:9:BSP_CAMERA_SetResolution	24	static
../Components/STM32N6570-DK/stm32n6570_discovery_camera.c:982:9:BSP_CAMERA_GetResolution	24	static
../Components/STM32N6570-DK/stm32n6570_discovery_camera.c:1010:9:BSP_CAMERA_SetLightMode	24	static
../Components/STM32N6570-DK/stm32n6570_discovery_camera.c:1042:9:BSP_CAMERA_GetLightMode	24	static
../Components/STM32N6570-DK/stm32n6570_discovery_camera.c:1070:9:BSP_CAMERA_SetColorEffect	24	static
../Components/STM32N6570-DK/stm32n6570_discovery_camera.c:1102:9:BSP_CAMERA_GetColorEffect	24	static
../Components/STM32N6570-DK/stm32n6570_discovery_camera.c:1130:9:BSP_CAMERA_SetBrightness	24	static
../Components/STM32N6570-DK/stm32n6570_discovery_camera.c:1163:9:BSP_CAMERA_GetBrightness	24	static
../Components/STM32N6570-DK/stm32n6570_discovery_camera.c:1191:9:BSP_CAMERA_SetSaturation	24	static
../Components/STM32N6570-DK/stm32n6570_discovery_camera.c:1224:9:BSP_CAMERA_GetSaturation	24	static
../Components/STM32N6570-DK/stm32n6570_discovery_camera.c:1252:9:BSP_CAMERA_SetContrast	24	static
../Components/STM32N6570-DK/stm32n6570_discovery_camera.c:1284:9:BSP_CAMERA_GetContrast	24	static
../Components/STM32N6570-DK/stm32n6570_discovery_camera.c:1312:9:BSP_CAMERA_SetHueDegree	24	static
../Components/STM32N6570-DK/stm32n6570_discovery_camera.c:1344:9:BSP_CAMERA_GetHueDegree	24	static
../Components/STM32N6570-DK/stm32n6570_discovery_camera.c:1373:9:BSP_CAMERA_SetMirrorFlip	24	static
../Components/STM32N6570-DK/stm32n6570_discovery_camera.c:1405:9:BSP_CAMERA_GetMirrorFlip	24	static
../Components/STM32N6570-DK/stm32n6570_discovery_camera.c:1433:9:BSP_CAMERA_SetZoom	24	static
../Components/STM32N6570-DK/stm32n6570_discovery_camera.c:1465:9:BSP_CAMERA_GetZoom	24	static
../Components/STM32N6570-DK/stm32n6570_discovery_camera.c:1492:9:BSP_CAMERA_EnableNightMode	24	static
../Components/STM32N6570-DK/stm32n6570_discovery_camera.c:1522:9:BSP_CAMERA_DisableNightMode	24	static
../Components/STM32N6570-DK/stm32n6570_discovery_camera.c:1552:9:BSP_CAMERA_HwReset	40	static
../Components/STM32N6570-DK/stm32n6570_discovery_camera.c:1596:9:BSP_CAMERA_PwrDown	40	static
../Components/STM32N6570-DK/stm32n6570_discovery_camera.c:1633:9:BSP_CAMERA_BackgroundProcess	8	static
../Components/STM32N6570-DK/stm32n6570_discovery_camera.c:1647:6:BSP_CAMERA_IRQHandler	16	static
../Components/STM32N6570-DK/stm32n6570_discovery_camera.c:1660:13:BSP_CAMERA_LineEventCallback	16	static
../Components/STM32N6570-DK/stm32n6570_discovery_camera.c:1675:13:BSP_CAMERA_FrameEventCallback	16	static
../Components/STM32N6570-DK/stm32n6570_discovery_camera.c:1690:13:BSP_CAMERA_VsyncEventCallback	16	static
../Components/STM32N6570-DK/stm32n6570_discovery_camera.c:1705:13:BSP_CAMERA_PipeErrorCallback	16	static
../Components/STM32N6570-DK/stm32n6570_discovery_camera.c:1720:13:BSP_CAMERA_ErrorCallback	16	static
../Components/STM32N6570-DK/stm32n6570_discovery_camera.c:1737:6:HAL_DCMIPP_PIPE_LineEventCallback	16	static
../Components/STM32N6570-DK/stm32n6570_discovery_camera.c:1787:6:HAL_DCMIPP_PIPE_ErrorCallback	16	static
../Components/STM32N6570-DK/stm32n6570_discovery_camera.c:1801:6:HAL_DCMIPP_ErrorCallback	16	static
../Components/STM32N6570-DK/stm32n6570_discovery_camera.c:1823:13:DCMIPP_MspInit	16	static
../Components/STM32N6570-DK/stm32n6570_discovery_camera.c:1857:13:DCMIPP_MspDeInit	16	static
../Components/STM32N6570-DK/stm32n6570_discovery_camera.c:1950:26:BSP_GetSensorInfoHelper	16	static
../Components/STM32N6570-DK/stm32n6570_discovery_camera.c:1960:26:BSP_SetSensorGainHelper	16	static
../Components/STM32N6570-DK/stm32n6570_discovery_camera.c:1971:26:BSP_GetSensorGainHelper	16	static
../Components/STM32N6570-DK/stm32n6570_discovery_camera.c:1982:26:BSP_SetSensorExposureHelper	16	static
../Components/STM32N6570-DK/stm32n6570_discovery_camera.c:1993:26:BSP_GetSensorExposureHelper	16	static
../Components/STM32N6570-DK/stm32n6570_discovery_camera.c:2005:16:IMX335_Probe	48	static
